Archive member included to satisfy reference by file (symbol)

d:/programy/stm32/stm32cubeide_1.5.1/stm32cubeide/plugins/com.st.stm32cube.ide.mcu.externaltools.gnu-tools-for-stm32.7-2018-q2-update.win32_1.5.0.202011040924/tools/bin/../lib/gcc/arm-none-eabi/7.3.1/../../../../arm-none-eabi/lib/thumb/v7e-m/fpv4-sp/hard\libc_nano.a(lib_a-errno.o)
                              Core/Src/syscalls.o (__errno)
d:/programy/stm32/stm32cubeide_1.5.1/stm32cubeide/plugins/com.st.stm32cube.ide.mcu.externaltools.gnu-tools-for-stm32.7-2018-q2-update.win32_1.5.0.202011040924/tools/bin/../lib/gcc/arm-none-eabi/7.3.1/../../../../arm-none-eabi/lib/thumb/v7e-m/fpv4-sp/hard\libc_nano.a(lib_a-exit.o)
                              d:/programy/stm32/stm32cubeide_1.5.1/stm32cubeide/plugins/com.st.stm32cube.ide.mcu.externaltools.gnu-tools-for-stm32.7-2018-q2-update.win32_1.5.0.202011040924/tools/bin/../lib/gcc/arm-none-eabi/7.3.1/../../../../arm-none-eabi/lib/thumb/v7e-m/fpv4-sp/hard/crt0.o (exit)
d:/programy/stm32/stm32cubeide_1.5.1/stm32cubeide/plugins/com.st.stm32cube.ide.mcu.externaltools.gnu-tools-for-stm32.7-2018-q2-update.win32_1.5.0.202011040924/tools/bin/../lib/gcc/arm-none-eabi/7.3.1/../../../../arm-none-eabi/lib/thumb/v7e-m/fpv4-sp/hard\libc_nano.a(lib_a-impure.o)
                              d:/programy/stm32/stm32cubeide_1.5.1/stm32cubeide/plugins/com.st.stm32cube.ide.mcu.externaltools.gnu-tools-for-stm32.7-2018-q2-update.win32_1.5.0.202011040924/tools/bin/../lib/gcc/arm-none-eabi/7.3.1/../../../../arm-none-eabi/lib/thumb/v7e-m/fpv4-sp/hard\libc_nano.a(lib_a-exit.o) (_global_impure_ptr)
d:/programy/stm32/stm32cubeide_1.5.1/stm32cubeide/plugins/com.st.stm32cube.ide.mcu.externaltools.gnu-tools-for-stm32.7-2018-q2-update.win32_1.5.0.202011040924/tools/bin/../lib/gcc/arm-none-eabi/7.3.1/../../../../arm-none-eabi/lib/thumb/v7e-m/fpv4-sp/hard\libc_nano.a(lib_a-init.o)
                              d:/programy/stm32/stm32cubeide_1.5.1/stm32cubeide/plugins/com.st.stm32cube.ide.mcu.externaltools.gnu-tools-for-stm32.7-2018-q2-update.win32_1.5.0.202011040924/tools/bin/../lib/gcc/arm-none-eabi/7.3.1/../../../../arm-none-eabi/lib/thumb/v7e-m/fpv4-sp/hard/crt0.o (__libc_init_array)
d:/programy/stm32/stm32cubeide_1.5.1/stm32cubeide/plugins/com.st.stm32cube.ide.mcu.externaltools.gnu-tools-for-stm32.7-2018-q2-update.win32_1.5.0.202011040924/tools/bin/../lib/gcc/arm-none-eabi/7.3.1/../../../../arm-none-eabi/lib/thumb/v7e-m/fpv4-sp/hard\libc_nano.a(lib_a-memset.o)
                              d:/programy/stm32/stm32cubeide_1.5.1/stm32cubeide/plugins/com.st.stm32cube.ide.mcu.externaltools.gnu-tools-for-stm32.7-2018-q2-update.win32_1.5.0.202011040924/tools/bin/../lib/gcc/arm-none-eabi/7.3.1/../../../../arm-none-eabi/lib/thumb/v7e-m/fpv4-sp/hard/crt0.o (memset)

Allocating common symbols
Common symbol       size              file

uwTick              0x4               Drivers/STM32F3xx_HAL_Driver/Src/stm32f3xx_hal.o
pFlash              0x20              Drivers/STM32F3xx_HAL_Driver/Src/stm32f3xx_hal_flash.o
huart2              0x84              Core/Src/usart.o
htim16              0x4c              Core/Src/tim.o

Discarded input sections

 .text          0x0000000000000000        0x0 d:/programy/stm32/stm32cubeide_1.5.1/stm32cubeide/plugins/com.st.stm32cube.ide.mcu.externaltools.gnu-tools-for-stm32.7-2018-q2-update.win32_1.5.0.202011040924/tools/bin/../lib/gcc/arm-none-eabi/7.3.1/thumb/v7e-m/fpv4-sp/hard/crti.o
 .data          0x0000000000000000        0x0 d:/programy/stm32/stm32cubeide_1.5.1/stm32cubeide/plugins/com.st.stm32cube.ide.mcu.externaltools.gnu-tools-for-stm32.7-2018-q2-update.win32_1.5.0.202011040924/tools/bin/../lib/gcc/arm-none-eabi/7.3.1/thumb/v7e-m/fpv4-sp/hard/crti.o
 .bss           0x0000000000000000        0x0 d:/programy/stm32/stm32cubeide_1.5.1/stm32cubeide/plugins/com.st.stm32cube.ide.mcu.externaltools.gnu-tools-for-stm32.7-2018-q2-update.win32_1.5.0.202011040924/tools/bin/../lib/gcc/arm-none-eabi/7.3.1/thumb/v7e-m/fpv4-sp/hard/crti.o
 .data          0x0000000000000000        0x4 d:/programy/stm32/stm32cubeide_1.5.1/stm32cubeide/plugins/com.st.stm32cube.ide.mcu.externaltools.gnu-tools-for-stm32.7-2018-q2-update.win32_1.5.0.202011040924/tools/bin/../lib/gcc/arm-none-eabi/7.3.1/thumb/v7e-m/fpv4-sp/hard/crtbegin.o
 .text          0x0000000000000000       0x74 d:/programy/stm32/stm32cubeide_1.5.1/stm32cubeide/plugins/com.st.stm32cube.ide.mcu.externaltools.gnu-tools-for-stm32.7-2018-q2-update.win32_1.5.0.202011040924/tools/bin/../lib/gcc/arm-none-eabi/7.3.1/../../../../arm-none-eabi/lib/thumb/v7e-m/fpv4-sp/hard/crt0.o
 .data          0x0000000000000000        0x0 d:/programy/stm32/stm32cubeide_1.5.1/stm32cubeide/plugins/com.st.stm32cube.ide.mcu.externaltools.gnu-tools-for-stm32.7-2018-q2-update.win32_1.5.0.202011040924/tools/bin/../lib/gcc/arm-none-eabi/7.3.1/../../../../arm-none-eabi/lib/thumb/v7e-m/fpv4-sp/hard/crt0.o
[...]
Memory Configuration

Name             Origin             Length             Attributes
CCMRAM           0x0000000010000000 0x0000000000004000 xrw
RAM              0x0000000020000000 0x0000000000010000 xrw
FLASH            0x0000000008000000 0x0000000000080000 xr
*default*        0x0000000000000000 0xffffffffffffffff

Linker script and memory map

LOAD d:/programy/stm32/stm32cubeide_1.5.1/stm32cubeide/plugins/com.st.stm32cube.ide.mcu.externaltools.gnu-tools-for-stm32.7-2018-q2-update.win32_1.5.0.202011040924/tools/bin/../lib/gcc/arm-none-eabi/7.3.1/thumb/v7e-m/fpv4-sp/hard/crti.o
LOAD d:/programy/stm32/stm32cubeide_1.5.1/stm32cubeide/plugins/com.st.stm32cube.ide.mcu.externaltools.gnu-tools-for-stm32.7-2018-q2-update.win32_1.5.0.202011040924/tools/bin/../lib/gcc/arm-none-eabi/7.3.1/thumb/v7e-m/fpv4-sp/hard/crtbegin.o
LOAD d:/programy/stm32/stm32cubeide_1.5.1/stm32cubeide/plugins/com.st.stm32cube.ide.mcu.externaltools.gnu-tools-for-stm32.7-2018-q2-update.win32_1.5.0.202011040924/tools/bin/../lib/gcc/arm-none-eabi/7.3.1/../../../../arm-none-eabi/lib/thumb/v7e-m/fpv4-sp/hard/crt0.o
LOAD Core/Src/ds18b20.o
LOAD Core/Src/gpio.o
LOAD Core/Src/main.o
LOAD Core/Src/stm32f3xx_hal_msp.o
LOAD Core/Src/stm32f3xx_it.o
LOAD Core/Src/syscalls.o
LOAD Core/Src/sysmem.o
LOAD Core/Src/system_stm32f3xx.o
LOAD Core/Src/tim.o
LOAD Core/Src/tim_delay.o
LOAD Core/Src/usart.o
LOAD Core/Startup/startup_stm32f303retx.o
LOAD Drivers/STM32F3xx_HAL_Driver/Src/stm32f3xx_hal.o
LOAD Drivers/STM32F3xx_HAL_Driver/Src/stm32f3xx_hal_cortex.o
LOAD Drivers/STM32F3xx_HAL_Driver/Src/stm32f3xx_hal_dma.o
LOAD Drivers/STM32F3xx_HAL_Driver/Src/stm32f3xx_hal_exti.o
LOAD Drivers/STM32F3xx_HAL_Driver/Src/stm32f3xx_hal_flash.o
LOAD Drivers/STM32F3xx_HAL_Driver/Src/stm32f3xx_hal_flash_ex.o
LOAD Drivers/STM32F3xx_HAL_Driver/Src/stm32f3xx_hal_gpio.o
LOAD Drivers/STM32F3xx_HAL_Driver/Src/stm32f3xx_hal_i2c.o
LOAD Drivers/STM32F3xx_HAL_Driver/Src/stm32f3xx_hal_i2c_ex.o
LOAD Drivers/STM32F3xx_HAL_Driver/Src/stm32f3xx_hal_pwr.o
LOAD Drivers/STM32F3xx_HAL_Driver/Src/stm32f3xx_hal_pwr_ex.o
LOAD Drivers/STM32F3xx_HAL_Driver/Src/stm32f3xx_hal_rcc.o
LOAD Drivers/STM32F3xx_HAL_Driver/Src/stm32f3xx_hal_rcc_ex.o
LOAD Drivers/STM32F3xx_HAL_Driver/Src/stm32f3xx_hal_tim.o
LOAD Drivers/STM32F3xx_HAL_Driver/Src/stm32f3xx_hal_tim_ex.o
LOAD Drivers/STM32F3xx_HAL_Driver/Src/stm32f3xx_hal_uart.o
LOAD Drivers/STM32F3xx_HAL_Driver/Src/stm32f3xx_hal_uart_ex.o
START GROUP
LOAD d:/programy/stm32/stm32cubeide_1.5.1/stm32cubeide/plugins/com.st.stm32cube.ide.mcu.externaltools.gnu-tools-for-stm32.7-2018-q2-update.win32_1.5.0.202011040924/tools/bin/../lib/gcc/arm-none-eabi/7.3.1/../../../../arm-none-eabi/lib/thumb/v7e-m/fpv4-sp/hard\libc_nano.a
LOAD d:/programy/stm32/stm32cubeide_1.5.1/stm32cubeide/plugins/com.st.stm32cube.ide.mcu.externaltools.gnu-tools-for-stm32.7-2018-q2-update.win32_1.5.0.202011040924/tools/bin/../lib/gcc/arm-none-eabi/7.3.1/../../../../arm-none-eabi/lib/thumb/v7e-m/fpv4-sp/hard\libm.a
END GROUP
START GROUP
LOAD d:/programy/stm32/stm32cubeide_1.5.1/stm32cubeide/plugins/com.st.stm32cube.ide.mcu.externaltools.gnu-tools-for-stm32.7-2018-q2-update.win32_1.5.0.202011040924/tools/bin/../lib/gcc/arm-none-eabi/7.3.1/thumb/v7e-m/fpv4-sp/hard\libgcc.a
LOAD d:/programy/stm32/stm32cubeide_1.5.1/stm32cubeide/plugins/com.st.stm32cube.ide.mcu.externaltools.gnu-tools-for-stm32.7-2018-q2-update.win32_1.5.0.202011040924/tools/bin/../lib/gcc/arm-none-eabi/7.3.1/../../../../arm-none-eabi/lib/thumb/v7e-m/fpv4-sp/hard\libc_nano.a
END GROUP
START GROUP
LOAD d:/programy/stm32/stm32cubeide_1.5.1/stm32cubeide/plugins/com.st.stm32cube.ide.mcu.externaltools.gnu-tools-for-stm32.7-2018-q2-update.win32_1.5.0.202011040924/tools/bin/../lib/gcc/arm-none-eabi/7.3.1/thumb/v7e-m/fpv4-sp/hard\libgcc.a
LOAD d:/programy/stm32/stm32cubeide_1.5.1/stm32cubeide/plugins/com.st.stm32cube.ide.mcu.externaltools.gnu-tools-for-stm32.7-2018-q2-update.win32_1.5.0.202011040924/tools/bin/../lib/gcc/arm-none-eabi/7.3.1/../../../../arm-none-eabi/lib/thumb/v7e-m/fpv4-sp/hard\libc_nano.a
LOAD d:/programy/stm32/stm32cubeide_1.5.1/stm32cubeide/plugins/com.st.stm32cube.ide.mcu.externaltools.gnu-tools-for-stm32.7-2018-q2-update.win32_1.5.0.202011040924/tools/bin/../lib/gcc/arm-none-eabi/7.3.1/../../../../arm-none-eabi/lib/thumb/v7e-m/fpv4-sp/hard\libnosys.a
END GROUP
START GROUP
LOAD d:/programy/stm32/stm32cubeide_1.5.1/stm32cubeide/plugins/com.st.stm32cube.ide.mcu.externaltools.gnu-tools-for-stm32.7-2018-q2-update.win32_1.5.0.202011040924/tools/bin/../lib/gcc/arm-none-eabi/7.3.1/thumb/v7e-m/fpv4-sp/hard\libgcc.a
LOAD d:/programy/stm32/stm32cubeide_1.5.1/stm32cubeide/plugins/com.st.stm32cube.ide.mcu.externaltools.gnu-tools-for-stm32.7-2018-q2-update.win32_1.5.0.202011040924/tools/bin/../lib/gcc/arm-none-eabi/7.3.1/../../../../arm-none-eabi/lib/thumb/v7e-m/fpv4-sp/hard\libc_nano.a
LOAD d:/programy/stm32/stm32cubeide_1.5.1/stm32cubeide/plugins/com.st.stm32cube.ide.mcu.externaltools.gnu-tools-for-stm32.7-2018-q2-update.win32_1.5.0.202011040924/tools/bin/../lib/gcc/arm-none-eabi/7.3.1/../../../../arm-none-eabi/lib/thumb/v7e-m/fpv4-sp/hard\libnosys.a
END GROUP
LOAD d:/programy/stm32/stm32cubeide_1.5.1/stm32cubeide/plugins/com.st.stm32cube.ide.mcu.externaltools.gnu-tools-for-stm32.7-2018-q2-update.win32_1.5.0.202011040924/tools/bin/../lib/gcc/arm-none-eabi/7.3.1/thumb/v7e-m/fpv4-sp/hard/crtend.o
LOAD d:/programy/stm32/stm32cubeide_1.5.1/stm32cubeide/plugins/com.st.stm32cube.ide.mcu.externaltools.gnu-tools-for-stm32.7-2018-q2-update.win32_1.5.0.202011040924/tools/bin/../lib/gcc/arm-none-eabi/7.3.1/thumb/v7e-m/fpv4-sp/hard/crtn.o
                0x0000000020010000                _estack = (ORIGIN (RAM) + LENGTH (RAM))
                0x0000000000000200                _Min_Heap_Size = 0x200
                0x0000000000000400                _Min_Stack_Size = 0x400

.isr_vector     0x0000000008000000      0x194
                0x0000000008000000                . = ALIGN (0x4)
 *(.isr_vector)
 .isr_vector    0x0000000008000000      0x194 Core/Startup/startup_stm32f303retx.o
                0x0000000008000000                g_pfnVectors
                0x0000000008000194                . = ALIGN (0x4)

.text           0x0000000008000194     0x2fb0
                0x0000000008000194                . = ALIGN (0x4)
 *(.text)
 .text          0x0000000008000194       0x40 d:/programy/stm32/stm32cubeide_1.5.1/stm32cubeide/plugins/com.st.stm32cube.ide.mcu.externaltools.gnu-tools-for-stm32.7-2018-q2-update.win32_1.5.0.202011040924/tools/bin/../lib/gcc/arm-none-eabi/7.3.1/thumb/v7e-m/fpv4-sp/hard/crtbegin.o
 *(.text*)
 .text.set_pin_as_input
                0x00000000080001d4       0x2a Core/Src/ds18b20.o
                0x00000000080001d4                set_pin_as_input
 .text.set_pin_as_output
                0x00000000080001fe       0x2a Core/Src/ds18b20.o
                0x00000000080001fe                set_pin_as_output
 .text.is_ds_present
                0x0000000008000228       0x6a Core/Src/ds18b20.o
                0x0000000008000228                is_ds_present
 .text.write_1  0x0000000008000292       0x42 Core/Src/ds18b20.o
                0x0000000008000292                write_1
 .text.write_0  0x00000000080002d4       0x3a Core/Src/ds18b20.o
                0x00000000080002d4                write_0
 .text.write_byte
                0x000000000800030e       0x58 Core/Src/ds18b20.o
                0x000000000800030e                write_byte
 .text.read_byte
                0x0000000008000366       0x80 Core/Src/ds18b20.o
                0x0000000008000366                read_byte
 *fill*         0x00000000080003e6        0x2 
 .text.current_temp_1_sensor
                0x00000000080003e8       0xbc Core/Src/ds18b20.o
                0x00000000080003e8                current_temp_1_sensor
 .text.MX_GPIO_Init
                0x00000000080004a4       0xf8 Core/Src/gpio.o
                0x00000000080004a4                MX_GPIO_Init
 .text.main     0x000000000800059c       0x38 Core/Src/main.o
                0x000000000800059c                main
 .text.SystemClock_Config
                0x00000000080005d4       0xc4 Core/Src/main.o
                0x00000000080005d4                SystemClock_Config
 .text.Error_Handler
                0x0000000008000698        0x8 Core/Src/main.o
                0x0000000008000698                Error_Handler
 .text.HAL_MspInit
                0x00000000080006a0       0x48 Core/Src/stm32f3xx_hal_msp.o
                0x00000000080006a0                HAL_MspInit
 .text.NMI_Handler
                0x00000000080006e8        0x6 Core/Src/stm32f3xx_it.o
                0x00000000080006e8                NMI_Handler
 .text.HardFault_Handler
                0x00000000080006ee        0x6 Core/Src/stm32f3xx_it.o
                0x00000000080006ee                HardFault_Handler
 .text.MemManage_Handler
                0x00000000080006f4        0x6 Core/Src/stm32f3xx_it.o
                0x00000000080006f4                MemManage_Handler
 .text.BusFault_Handler
                0x00000000080006fa        0x6 Core/Src/stm32f3xx_it.o
                0x00000000080006fa                BusFault_Handler
 .text.UsageFault_Handler
                0x0000000008000700        0x6 Core/Src/stm32f3xx_it.o
                0x0000000008000700                UsageFault_Handler
 .text.SVC_Handler
                0x0000000008000706        0xe Core/Src/stm32f3xx_it.o
                0x0000000008000706                SVC_Handler
 .text.DebugMon_Handler
                0x0000000008000714        0xe Core/Src/stm32f3xx_it.o
                0x0000000008000714                DebugMon_Handler
 .text.PendSV_Handler
                0x0000000008000722        0xe Core/Src/stm32f3xx_it.o
                0x0000000008000722                PendSV_Handler
 .text.SysTick_Handler
                0x0000000008000730        0xc Core/Src/stm32f3xx_it.o
                0x0000000008000730                SysTick_Handler
 .text.SystemInit
                0x000000000800073c       0x24 Core/Src/system_stm32f3xx.o
                0x000000000800073c                SystemInit
 .text.MX_TIM16_Init
                0x0000000008000760       0x4c Core/Src/tim.o
                0x0000000008000760                MX_TIM16_Init
 .text.HAL_TIM_Base_MspInit
                0x00000000080007ac       0x40 Core/Src/tim.o
                0x00000000080007ac                HAL_TIM_Base_MspInit
 .text.custom_delay_us
                0x00000000080007ec       0x2c Core/Src/tim_delay.o
                0x00000000080007ec                custom_delay_us
 .text.MX_USART2_UART_Init
                0x0000000008000818       0x60 Core/Src/usart.o
                0x0000000008000818                MX_USART2_UART_Init
 .text.HAL_UART_MspInit
                0x0000000008000878       0x84 Core/Src/usart.o
                0x0000000008000878                HAL_UART_MspInit
 .text.Reset_Handler
                0x00000000080008fc       0x50 Core/Startup/startup_stm32f303retx.o
                0x00000000080008fc                Reset_Handler
 .text.Default_Handler
                0x000000000800094c        0x2 Core/Startup/startup_stm32f303retx.o
                0x000000000800094c                RTC_Alarm_IRQHandler
                0x000000000800094c                TIM8_TRG_COM_IRQHandler
                0x000000000800094c                TIM8_CC_IRQHandler
                0x000000000800094c                SPI4_IRQHandler
                0x000000000800094c                TIM1_CC_IRQHandler
                0x000000000800094c                USB_HP_IRQHandler
                0x000000000800094c                PVD_IRQHandler
                0x000000000800094c                TAMP_STAMP_IRQHandler
                0x000000000800094c                EXTI3_IRQHandler
                0x000000000800094c                I2C3_ER_IRQHandler
                0x000000000800094c                USB_HP_CAN_TX_IRQHandler
                0x000000000800094c                EXTI0_IRQHandler
                0x000000000800094c                I2C2_EV_IRQHandler
                0x000000000800094c                FPU_IRQHandler
                0x000000000800094c                TIM1_UP_TIM16_IRQHandler
                0x000000000800094c                ADC1_2_IRQHandler
                0x000000000800094c                SPI1_IRQHandler
                0x000000000800094c                CAN_SCE_IRQHandler
                0x000000000800094c                TIM6_DAC_IRQHandler
                0x000000000800094c                TIM8_UP_IRQHandler
                0x000000000800094c                DMA2_Channel2_IRQHandler
                0x000000000800094c                DMA1_Channel4_IRQHandler
                0x000000000800094c                TIM20_TRG_COM_IRQHandler
                0x000000000800094c                USART3_IRQHandler
                0x000000000800094c                DMA1_Channel7_IRQHandler
                0x000000000800094c                UART5_IRQHandler
                0x000000000800094c                ADC3_IRQHandler
                0x000000000800094c                TIM4_IRQHandler
                0x000000000800094c                CAN_RX1_IRQHandler
                0x000000000800094c                DMA2_Channel1_IRQHandler
                0x000000000800094c                I2C1_EV_IRQHandler
                0x000000000800094c                DMA1_Channel6_IRQHandler
                0x000000000800094c                UART4_IRQHandler
                0x000000000800094c                DMA2_Channel4_IRQHandler
                0x000000000800094c                TIM3_IRQHandler
                0x000000000800094c                RCC_IRQHandler
                0x000000000800094c                TIM20_UP_IRQHandler
                0x000000000800094c                DMA1_Channel1_IRQHandler
                0x000000000800094c                Default_Handler
                0x000000000800094c                USBWakeUp_RMP_IRQHandler
                0x000000000800094c                EXTI15_10_IRQHandler
                0x000000000800094c                TIM7_IRQHandler
                0x000000000800094c                I2C3_EV_IRQHandler
                0x000000000800094c                EXTI9_5_IRQHandler
                0x000000000800094c                RTC_WKUP_IRQHandler
                0x000000000800094c                SPI2_IRQHandler
                0x000000000800094c                USB_LP_CAN_RX0_IRQHandler
                0x000000000800094c                DMA2_Channel5_IRQHandler
                0x000000000800094c                DMA1_Channel5_IRQHandler
                0x000000000800094c                USB_LP_IRQHandler
                0x000000000800094c                EXTI4_IRQHandler
                0x000000000800094c                TIM1_TRG_COM_TIM17_IRQHandler
                0x000000000800094c                DMA1_Channel3_IRQHandler
                0x000000000800094c                ADC4_IRQHandler
                0x000000000800094c                WWDG_IRQHandler
                0x000000000800094c                TIM2_IRQHandler
                0x000000000800094c                COMP7_IRQHandler
                0x000000000800094c                COMP1_2_3_IRQHandler
                0x000000000800094c                EXTI1_IRQHandler
                0x000000000800094c                USART2_IRQHandler
                0x000000000800094c                COMP4_5_6_IRQHandler
                0x000000000800094c                TIM20_BRK_IRQHandler
                0x000000000800094c                I2C2_ER_IRQHandler
                0x000000000800094c                DMA1_Channel2_IRQHandler
                0x000000000800094c                TIM8_BRK_IRQHandler
                0x000000000800094c                FLASH_IRQHandler
                0x000000000800094c                TIM20_CC_IRQHandler
                0x000000000800094c                USART1_IRQHandler
                0x000000000800094c                SPI3_IRQHandler
                0x000000000800094c                I2C1_ER_IRQHandler
                0x000000000800094c                FMC_IRQHandler
                0x000000000800094c                USBWakeUp_IRQHandler
                0x000000000800094c                DMA2_Channel3_IRQHandler
                0x000000000800094c                EXTI2_TSC_IRQHandler
                0x000000000800094c                TIM1_BRK_TIM15_IRQHandler
 *fill*         0x000000000800094e        0x2 
 .text.HAL_Init
                0x0000000008000950       0x2c Drivers/STM32F3xx_HAL_Driver/Src/stm32f3xx_hal.o
                0x0000000008000950                HAL_Init
 .text.HAL_InitTick
                0x000000000800097c       0x60 Drivers/STM32F3xx_HAL_Driver/Src/stm32f3xx_hal.o
                0x000000000800097c                HAL_InitTick
 .text.HAL_IncTick
                0x00000000080009dc       0x28 Drivers/STM32F3xx_HAL_Driver/Src/stm32f3xx_hal.o
                0x00000000080009dc                HAL_IncTick
 .text.HAL_GetTick
                0x0000000008000a04       0x18 Drivers/STM32F3xx_HAL_Driver/Src/stm32f3xx_hal.o
                0x0000000008000a04                HAL_GetTick
 .text.HAL_Delay
                0x0000000008000a1c       0x44 Drivers/STM32F3xx_HAL_Driver/Src/stm32f3xx_hal.o
                0x0000000008000a1c                HAL_Delay
 .text.__NVIC_SetPriorityGrouping
                0x0000000008000a60       0x48 Drivers/STM32F3xx_HAL_Driver/Src/stm32f3xx_hal_cortex.o
 .text.__NVIC_GetPriorityGrouping
                0x0000000008000aa8       0x1c Drivers/STM32F3xx_HAL_Driver/Src/stm32f3xx_hal_cortex.o
 .text.__NVIC_SetPriority
                0x0000000008000ac4       0x54 Drivers/STM32F3xx_HAL_Driver/Src/stm32f3xx_hal_cortex.o
 .text.NVIC_EncodePriority
                0x0000000008000b18       0x66 Drivers/STM32F3xx_HAL_Driver/Src/stm32f3xx_hal_cortex.o
 *fill*         0x0000000008000b7e        0x2 
 .text.SysTick_Config
                0x0000000008000b80       0x44 Drivers/STM32F3xx_HAL_Driver/Src/stm32f3xx_hal_cortex.o
 .text.HAL_NVIC_SetPriorityGrouping
                0x0000000008000bc4       0x16 Drivers/STM32F3xx_HAL_Driver/Src/stm32f3xx_hal_cortex.o
                0x0000000008000bc4                HAL_NVIC_SetPriorityGrouping
 .text.HAL_NVIC_SetPriority
                0x0000000008000bda       0x38 Drivers/STM32F3xx_HAL_Driver/Src/stm32f3xx_hal_cortex.o
                0x0000000008000bda                HAL_NVIC_SetPriority
 .text.HAL_SYSTICK_Config
                0x0000000008000c12       0x18 Drivers/STM32F3xx_HAL_Driver/Src/stm32f3xx_hal_cortex.o
                0x0000000008000c12                HAL_SYSTICK_Config
 *fill*         0x0000000008000c2a        0x2 
 .text.HAL_GPIO_Init
                0x0000000008000c2c      0x314 Drivers/STM32F3xx_HAL_Driver/Src/stm32f3xx_hal_gpio.o
                0x0000000008000c2c                HAL_GPIO_Init
 .text.HAL_GPIO_ReadPin
                0x0000000008000f40       0x30 Drivers/STM32F3xx_HAL_Driver/Src/stm32f3xx_hal_gpio.o
                0x0000000008000f40                HAL_GPIO_ReadPin
 .text.HAL_GPIO_WritePin
                0x0000000008000f70       0x30 Drivers/STM32F3xx_HAL_Driver/Src/stm32f3xx_hal_gpio.o
                0x0000000008000f70                HAL_GPIO_WritePin
 .text.HAL_RCC_OscConfig
                0x0000000008000fa0      0xe2c Drivers/STM32F3xx_HAL_Driver/Src/stm32f3xx_hal_rcc.o
                0x0000000008000fa0                HAL_RCC_OscConfig
 .text.HAL_RCC_ClockConfig
                0x0000000008001dcc      0x2f8 Drivers/STM32F3xx_HAL_Driver/Src/stm32f3xx_hal_rcc.o
                0x0000000008001dcc                HAL_RCC_ClockConfig
 .text.HAL_RCC_GetSysClockFreq
                0x00000000080020c4       0xd4 Drivers/STM32F3xx_HAL_Driver/Src/stm32f3xx_hal_rcc.o
                0x00000000080020c4                HAL_RCC_GetSysClockFreq
 .text.HAL_RCC_GetHCLKFreq
                0x0000000008002198       0x18 Drivers/STM32F3xx_HAL_Driver/Src/stm32f3xx_hal_rcc.o
                0x0000000008002198                HAL_RCC_GetHCLKFreq
 .text.HAL_RCC_GetPCLK1Freq
                0x00000000080021b0       0x44 Drivers/STM32F3xx_HAL_Driver/Src/stm32f3xx_hal_rcc.o
                0x00000000080021b0                HAL_RCC_GetPCLK1Freq
 .text.HAL_RCC_GetPCLK2Freq
                0x00000000080021f4       0x44 Drivers/STM32F3xx_HAL_Driver/Src/stm32f3xx_hal_rcc.o
                0x00000000080021f4                HAL_RCC_GetPCLK2Freq
 .text.HAL_RCCEx_PeriphCLKConfig
                0x0000000008002238      0x43c Drivers/STM32F3xx_HAL_Driver/Src/stm32f3xx_hal_rcc_ex.o
                0x0000000008002238                HAL_RCCEx_PeriphCLKConfig
 .text.HAL_TIM_Base_Init
                0x0000000008002674       0xae Drivers/STM32F3xx_HAL_Driver/Src/stm32f3xx_hal_tim.o
                0x0000000008002674                HAL_TIM_Base_Init
 *fill*         0x0000000008002722        0x2 
 .text.HAL_TIM_Base_Start
                0x0000000008002724       0xd0 Drivers/STM32F3xx_HAL_Driver/Src/stm32f3xx_hal_tim.o
                0x0000000008002724                HAL_TIM_Base_Start
 .text.TIM_Base_SetConfig
                0x00000000080027f4      0x13c Drivers/STM32F3xx_HAL_Driver/Src/stm32f3xx_hal_tim.o
                0x00000000080027f4                TIM_Base_SetConfig
 .text.HAL_UART_Init
                0x0000000008002930       0x9c Drivers/STM32F3xx_HAL_Driver/Src/stm32f3xx_hal_uart.o
                0x0000000008002930                HAL_UART_Init
 .text.UART_SetConfig
                0x00000000080029cc      0x3a8 Drivers/STM32F3xx_HAL_Driver/Src/stm32f3xx_hal_uart.o
                0x00000000080029cc                UART_SetConfig
 .text.UART_AdvFeatureConfig
                0x0000000008002d74      0x144 Drivers/STM32F3xx_HAL_Driver/Src/stm32f3xx_hal_uart.o
                0x0000000008002d74                UART_AdvFeatureConfig
 .text.UART_CheckIdleState
                0x0000000008002eb8       0x92 Drivers/STM32F3xx_HAL_Driver/Src/stm32f3xx_hal_uart.o
                0x0000000008002eb8                UART_CheckIdleState
 .text.UART_WaitOnFlagUntilTimeout
                0x0000000008002f4a      0x188 Drivers/STM32F3xx_HAL_Driver/Src/stm32f3xx_hal_uart.o
                0x0000000008002f4a                UART_WaitOnFlagUntilTimeout
 *fill*         0x00000000080030d2        0x2 
 .text.__libc_init_array
                0x00000000080030d4       0x48 d:/programy/stm32/stm32cubeide_1.5.1/stm32cubeide/plugins/com.st.stm32cube.ide.mcu.externaltools.gnu-tools-for-stm32.7-2018-q2-update.win32_1.5.0.202011040924/tools/bin/../lib/gcc/arm-none-eabi/7.3.1/../../../../arm-none-eabi/lib/thumb/v7e-m/fpv4-sp/hard\libc_nano.a(lib_a-init.o)
                0x00000000080030d4                __libc_init_array
 .text.memset   0x000000000800311c       0x10 d:/programy/stm32/stm32cubeide_1.5.1/stm32cubeide/plugins/com.st.stm32cube.ide.mcu.externaltools.gnu-tools-for-stm32.7-2018-q2-update.win32_1.5.0.202011040924/tools/bin/../lib/gcc/arm-none-eabi/7.3.1/../../../../arm-none-eabi/lib/thumb/v7e-m/fpv4-sp/hard\libc_nano.a(lib_a-memset.o)
                0x000000000800311c                memset
 *(.glue_7)
 .glue_7        0x000000000800312c        0x0 linker stubs
 *(.glue_7t)
 .glue_7t       0x000000000800312c        0x0 linker stubs
 *(.eh_frame)
 .eh_frame      0x000000000800312c        0x0 d:/programy/stm32/stm32cubeide_1.5.1/stm32cubeide/plugins/com.st.stm32cube.ide.mcu.externaltools.gnu-tools-for-stm32.7-2018-q2-update.win32_1.5.0.202011040924/tools/bin/../lib/gcc/arm-none-eabi/7.3.1/thumb/v7e-m/fpv4-sp/hard/crtbegin.o
 *(.init)
 .init          0x000000000800312c        0x4 d:/programy/stm32/stm32cubeide_1.5.1/stm32cubeide/plugins/com.st.stm32cube.ide.mcu.externaltools.gnu-tools-for-stm32.7-2018-q2-update.win32_1.5.0.202011040924/tools/bin/../lib/gcc/arm-none-eabi/7.3.1/thumb/v7e-m/fpv4-sp/hard/crti.o
                0x000000000800312c                _init
 .init          0x0000000008003130        0x8 d:/programy/stm32/stm32cubeide_1.5.1/stm32cubeide/plugins/com.st.stm32cube.ide.mcu.externaltools.gnu-tools-for-stm32.7-2018-q2-update.win32_1.5.0.202011040924/tools/bin/../lib/gcc/arm-none-eabi/7.3.1/thumb/v7e-m/fpv4-sp/hard/crtn.o
 *(.fini)
 .fini          0x0000000008003138        0x4 d:/programy/stm32/stm32cubeide_1.5.1/stm32cubeide/plugins/com.st.stm32cube.ide.mcu.externaltools.gnu-tools-for-stm32.7-2018-q2-update.win32_1.5.0.202011040924/tools/bin/../lib/gcc/arm-none-eabi/7.3.1/thumb/v7e-m/fpv4-sp/hard/crti.o
                0x0000000008003138                _fini
 .fini          0x000000000800313c        0x8 d:/programy/stm32/stm32cubeide_1.5.1/stm32cubeide/plugins/com.st.stm32cube.ide.mcu.externaltools.gnu-tools-for-stm32.7-2018-q2-update.win32_1.5.0.202011040924/tools/bin/../lib/gcc/arm-none-eabi/7.3.1/thumb/v7e-m/fpv4-sp/hard/crtn.o
                0x0000000008003144                . = ALIGN (0x4)
                0x0000000008003144                _etext = .

.vfp11_veneer   0x0000000008003144        0x0
 .vfp11_veneer  0x0000000008003144        0x0 linker stubs

.v4_bx          0x0000000008003144        0x0
 .v4_bx         0x0000000008003144        0x0 linker stubs

.iplt           0x0000000008003144        0x0
 .iplt          0x0000000008003144        0x0 d:/programy/stm32/stm32cubeide_1.5.1/stm32cubeide/plugins/com.st.stm32cube.ide.mcu.externaltools.gnu-tools-for-stm32.7-2018-q2-update.win32_1.5.0.202011040924/tools/bin/../lib/gcc/arm-none-eabi/7.3.1/thumb/v7e-m/fpv4-sp/hard/crtbegin.o

.rodata         0x0000000008003144       0x38
                0x0000000008003144                . = ALIGN (0x4)
 *(.rodata)
 *(.rodata*)
 .rodata.AHBPrescTable
                0x0000000008003144       0x10 Core/Src/system_stm32f3xx.o
                0x0000000008003144                AHBPrescTable
 .rodata.APBPrescTable
                0x0000000008003154        0x8 Core/Src/system_stm32f3xx.o
                0x0000000008003154                APBPrescTable
 .rodata.aPLLMULFactorTable
                0x000000000800315c       0x10 Drivers/STM32F3xx_HAL_Driver/Src/stm32f3xx_hal_rcc.o
                0x000000000800315c                aPLLMULFactorTable
 .rodata.aPredivFactorTable
                0x000000000800316c       0x10 Drivers/STM32F3xx_HAL_Driver/Src/stm32f3xx_hal_rcc.o
                0x000000000800316c                aPredivFactorTable
                0x000000000800317c                . = ALIGN (0x4)

.rel.dyn        0x000000000800317c        0x0
 .rel.iplt      0x000000000800317c        0x0 d:/programy/stm32/stm32cubeide_1.5.1/stm32cubeide/plugins/com.st.stm32cube.ide.mcu.externaltools.gnu-tools-for-stm32.7-2018-q2-update.win32_1.5.0.202011040924/tools/bin/../lib/gcc/arm-none-eabi/7.3.1/thumb/v7e-m/fpv4-sp/hard/crtbegin.o

.ARM.extab      0x000000000800317c        0x0
                0x000000000800317c                . = ALIGN (0x4)
 *(.ARM.extab* .gnu.linkonce.armextab.*)
                0x000000000800317c                . = ALIGN (0x4)

.ARM            0x000000000800317c        0x0
                0x000000000800317c                . = ALIGN (0x4)
                0x000000000800317c                __exidx_start = .
 *(.ARM.exidx*)
                0x000000000800317c                __exidx_end = .
                0x000000000800317c                . = ALIGN (0x4)

.preinit_array  0x000000000800317c        0x0
                0x000000000800317c                . = ALIGN (0x4)
                0x000000000800317c                PROVIDE (__preinit_array_start = .)
 *(.preinit_array*)
                0x000000000800317c                PROVIDE (__preinit_array_end = .)
                0x000000000800317c                . = ALIGN (0x4)

.init_array     0x000000000800317c        0x4
                0x000000000800317c                . = ALIGN (0x4)
                0x000000000800317c                PROVIDE (__init_array_start = .)
 *(SORT_BY_NAME(.init_array.*))
 *(.init_array*)
 .init_array    0x000000000800317c        0x4 d:/programy/stm32/stm32cubeide_1.5.1/stm32cubeide/plugins/com.st.stm32cube.ide.mcu.externaltools.gnu-tools-for-stm32.7-2018-q2-update.win32_1.5.0.202011040924/tools/bin/../lib/gcc/arm-none-eabi/7.3.1/thumb/v7e-m/fpv4-sp/hard/crtbegin.o
                0x0000000008003180                PROVIDE (__init_array_end = .)
                0x0000000008003180                . = ALIGN (0x4)

.fini_array     0x0000000008003180        0x4
                0x0000000008003180                . = ALIGN (0x4)
                [!provide]                        PROVIDE (__fini_array_start = .)
 *(SORT_BY_NAME(.fini_array.*))
 *(.fini_array*)
 .fini_array    0x0000000008003180        0x4 d:/programy/stm32/stm32cubeide_1.5.1/stm32cubeide/plugins/com.st.stm32cube.ide.mcu.externaltools.gnu-tools-for-stm32.7-2018-q2-update.win32_1.5.0.202011040924/tools/bin/../lib/gcc/arm-none-eabi/7.3.1/thumb/v7e-m/fpv4-sp/hard/crtbegin.o
                [!provide]                        PROVIDE (__fini_array_end = .)
                0x0000000008003184                . = ALIGN (0x4)
                0x0000000008003184                _sidata = LOADADDR (.data)

.data           0x0000000020000000        0xc load address 0x0000000008003184
                0x0000000020000000                . = ALIGN (0x4)
                0x0000000020000000                _sdata = .
 *(.data)
 *(.data*)
 .data.SystemCoreClock
                0x0000000020000000        0x4 Core/Src/system_stm32f3xx.o
                0x0000000020000000                SystemCoreClock
 .data.uwTickPrio
                0x0000000020000004        0x4 Drivers/STM32F3xx_HAL_Driver/Src/stm32f3xx_hal.o
                0x0000000020000004                uwTickPrio
 .data.uwTickFreq
                0x0000000020000008        0x1 Drivers/STM32F3xx_HAL_Driver/Src/stm32f3xx_hal.o
                0x0000000020000008                uwTickFreq
 *(.RamFunc)
 *(.RamFunc*)
                0x000000002000000c                . = ALIGN (0x4)
 *fill*         0x0000000020000009        0x3 
                0x000000002000000c                _edata = .

.igot.plt       0x000000002000000c        0x0 load address 0x0000000008003190
 .igot.plt      0x000000002000000c        0x0 d:/programy/stm32/stm32cubeide_1.5.1/stm32cubeide/plugins/com.st.stm32cube.ide.mcu.externaltools.gnu-tools-for-stm32.7-2018-q2-update.win32_1.5.0.202011040924/tools/bin/../lib/gcc/arm-none-eabi/7.3.1/thumb/v7e-m/fpv4-sp/hard/crtbegin.o
                0x000000002000000c                . = ALIGN (0x4)

.bss            0x000000002000000c       0xf0 load address 0x0000000008003190
                0x000000002000000c                _sbss = .
                0x000000002000000c                __bss_start__ = _sbss
 *(.bss)
 .bss           0x000000002000000c       0x1c d:/programy/stm32/stm32cubeide_1.5.1/stm32cubeide/plugins/com.st.stm32cube.ide.mcu.externaltools.gnu-tools-for-stm32.7-2018-q2-update.win32_1.5.0.202011040924/tools/bin/../lib/gcc/arm-none-eabi/7.3.1/thumb/v7e-m/fpv4-sp/hard/crtbegin.o
 *(.bss*)
 *(COMMON)
 COMMON         0x0000000020000028       0x4c Core/Src/tim.o
                0x0000000020000028                htim16
 COMMON         0x0000000020000074       0x84 Core/Src/usart.o
                0x0000000020000074                huart2
 COMMON         0x00000000200000f8        0x4 Drivers/STM32F3xx_HAL_Driver/Src/stm32f3xx_hal.o
                0x00000000200000f8                uwTick
                0x00000000200000fc                . = ALIGN (0x4)
                0x00000000200000fc                _ebss = .
                0x00000000200000fc                __bss_end__ = _ebss

._user_heap_stack
                0x00000000200000fc      0x604 load address 0x0000000008003190
                0x0000000020000100                . = ALIGN (0x8)
 *fill*         0x00000000200000fc        0x4 
                [!provide]                        PROVIDE (end = .)
                0x0000000020000100                PROVIDE (_end = .)
                0x0000000020000300                . = (. + _Min_Heap_Size)
 *fill*         0x0000000020000100      0x200 
                0x0000000020000700                . = (. + _Min_Stack_Size)
 *fill*         0x0000000020000300      0x400 
                0x0000000020000700                . = ALIGN (0x8)

/DISCARD/
 libc.a(*)
 libm.a(*)
 libgcc.a(*)

.ARM.attributes
                0x0000000000000000       0x30
 *(.ARM.attributes)
 .ARM.attributes
                0x0000000000000000       0x22 d:/programy/stm32/stm32cubeide_1.5.1/stm32cubeide/plugins/com.st.stm32cube.ide.mcu.externaltools.gnu-tools-for-stm32.7-2018-q2-update.win32_1.5.0.202011040924/tools/bin/../lib/gcc/arm-none-eabi/7.3.1/thumb/v7e-m/fpv4-sp/hard/crti.o
 .ARM.attributes
                0x0000000000000022       0x34 d:/programy/stm32/stm32cubeide_1.5.1/stm32cubeide/plugins/com.st.stm32cube.ide.mcu.externaltools.gnu-tools-for-stm32.7-2018-q2-update.win32_1.5.0.202011040924/tools/bin/../lib/gcc/arm-none-eabi/7.3.1/thumb/v7e-m/fpv4-sp/hard/crtbegin.o
 .ARM.attributes
                0x0000000000000056       0x39 Core/Src/ds18b20.o
 .ARM.attributes
                0x000000000000008f       0x39 Core/Src/gpio.o
 .ARM.attributes
                0x00000000000000c8       0x39 Core/Src/main.o
 .ARM.attributes
                0x0000000000000101       0x39 Core/Src/stm32f3xx_hal_msp.o
 .ARM.attributes
                0x000000000000013a       0x39 Core/Src/stm32f3xx_it.o
 .ARM.attributes
                0x0000000000000173       0x39 Core/Src/system_stm32f3xx.o
 .ARM.attributes
                0x00000000000001ac       0x39 Core/Src/tim.o
 .ARM.attributes
                0x00000000000001e5       0x39 Core/Src/tim_delay.o
 .ARM.attributes
                0x000000000000021e       0x39 Core/Src/usart.o
 .ARM.attributes
                0x0000000000000257       0x21 Core/Startup/startup_stm32f303retx.o
 .ARM.attributes
                0x0000000000000278       0x39 Drivers/STM32F3xx_HAL_Driver/Src/stm32f3xx_hal.o
 .ARM.attributes
                0x00000000000002b1       0x39 Drivers/STM32F3xx_HAL_Driver/Src/stm32f3xx_hal_cortex.o
 .ARM.attributes
                0x00000000000002ea       0x39 Drivers/STM32F3xx_HAL_Driver/Src/stm32f3xx_hal_gpio.o
 .ARM.attributes
                0x0000000000000323       0x39 Drivers/STM32F3xx_HAL_Driver/Src/stm32f3xx_hal_rcc.o
 .ARM.attributes
                0x000000000000035c       0x39 Drivers/STM32F3xx_HAL_Driver/Src/stm32f3xx_hal_rcc_ex.o
 .ARM.attributes
                0x0000000000000395       0x39 Drivers/STM32F3xx_HAL_Driver/Src/stm32f3xx_hal_tim.o
 .ARM.attributes
                0x00000000000003ce       0x39 Drivers/STM32F3xx_HAL_Driver/Src/stm32f3xx_hal_uart.o
 .ARM.attributes
                0x0000000000000407       0x34 d:/programy/stm32/stm32cubeide_1.5.1/stm32cubeide/plugins/com.st.stm32cube.ide.mcu.externaltools.gnu-tools-for-stm32.7-2018-q2-update.win32_1.5.0.202011040924/tools/bin/../lib/gcc/arm-none-eabi/7.3.1/../../../../arm-none-eabi/lib/thumb/v7e-m/fpv4-sp/hard\libc_nano.a(lib_a-init.o)
 .ARM.attributes
                0x000000000000043b       0x34 d:/programy/stm32/stm32cubeide_1.5.1/stm32cubeide/plugins/com.st.stm32cube.ide.mcu.externaltools.gnu-tools-for-stm32.7-2018-q2-update.win32_1.5.0.202011040924/tools/bin/../lib/gcc/arm-none-eabi/7.3.1/../../../../arm-none-eabi/lib/thumb/v7e-m/fpv4-sp/hard\libc_nano.a(lib_a-memset.o)
 .ARM.attributes
                0x000000000000046f       0x22 d:/programy/stm32/stm32cubeide_1.5.1/stm32cubeide/plugins/com.st.stm32cube.ide.mcu.externaltools.gnu-tools-for-stm32.7-2018-q2-update.win32_1.5.0.202011040924/tools/bin/../lib/gcc/arm-none-eabi/7.3.1/thumb/v7e-m/fpv4-sp/hard/crtn.o
OUTPUT(thermometer.elf elf32-littlearm)

.debug_info     0x0000000000000000     0xe434
 .debug_info    0x0000000000000000      0xab9 Core/Src/ds18b20.o
 .debug_info    0x0000000000000ab9      0x3eb Core/Src/gpio.o
 .debug_info    0x0000000000000ea4      0xdc8 Core/Src/main.o
 .debug_info    0x0000000000001c6c      0x278 Core/Src/stm32f3xx_hal_msp.o
 .debug_info    0x0000000000001ee4      0x20d Core/Src/stm32f3xx_it.o
 .debug_info    0x00000000000020f1      0x45c Core/Src/system_stm32f3xx.o
 .debug_info    0x000000000000254d      0x84c Core/Src/tim.o
 .debug_info    0x0000000000002d99      0x71b Core/Src/tim_delay.o
 .debug_info    0x00000000000034b4      0x933 Core/Src/usart.o
 .debug_info    0x0000000000003de7       0x22 Core/Startup/startup_stm32f303retx.o
 .debug_info    0x0000000000003e09      0x812 Drivers/STM32F3xx_HAL_Driver/Src/stm32f3xx_hal.o
 .debug_info    0x000000000000461b      0xdc9 Drivers/STM32F3xx_HAL_Driver/Src/stm32f3xx_hal_cortex.o
 .debug_info    0x00000000000053e4      0x7c1 Drivers/STM32F3xx_HAL_Driver/Src/stm32f3xx_hal_gpio.o
 .debug_info    0x0000000000005ba5     0x181f Drivers/STM32F3xx_HAL_Driver/Src/stm32f3xx_hal_rcc.o
 .debug_info    0x00000000000073c4      0x708 Drivers/STM32F3xx_HAL_Driver/Src/stm32f3xx_hal_rcc_ex.o
 .debug_info    0x0000000000007acc     0x2a7a Drivers/STM32F3xx_HAL_Driver/Src/stm32f3xx_hal_tim.o
 .debug_info    0x000000000000a546     0x3eee Drivers/STM32F3xx_HAL_Driver/Src/stm32f3xx_hal_uart.o

.debug_abbrev   0x0000000000000000     0x1c0d
 .debug_abbrev  0x0000000000000000      0x1bd Core/Src/ds18b20.o
 .debug_abbrev  0x00000000000001bd      0x134 Core/Src/gpio.o
 .debug_abbrev  0x00000000000002f1      0x1b0 Core/Src/main.o
 .debug_abbrev  0x00000000000004a1      0x109 Core/Src/stm32f3xx_hal_msp.o
 .debug_abbrev  0x00000000000005aa       0xc6 Core/Src/stm32f3xx_it.o
 .debug_abbrev  0x0000000000000670      0x12b Core/Src/system_stm32f3xx.o
 .debug_abbrev  0x000000000000079b      0x190 Core/Src/tim.o
 .debug_abbrev  0x000000000000092b      0x162 Core/Src/tim_delay.o
 .debug_abbrev  0x0000000000000a8d      0x199 Core/Src/usart.o
 .debug_abbrev  0x0000000000000c26       0x12 Core/Startup/startup_stm32f303retx.o
 .debug_abbrev  0x0000000000000c38      0x1c7 Drivers/STM32F3xx_HAL_Driver/Src/stm32f3xx_hal.o
 .debug_abbrev  0x0000000000000dff      0x2fa Drivers/STM32F3xx_HAL_Driver/Src/stm32f3xx_hal_cortex.o
 .debug_abbrev  0x00000000000010f9      0x1c0 Drivers/STM32F3xx_HAL_Driver/Src/stm32f3xx_hal_gpio.o
 .debug_abbrev  0x00000000000012b9      0x28c Drivers/STM32F3xx_HAL_Driver/Src/stm32f3xx_hal_rcc.o
 .debug_abbrev  0x0000000000001545      0x219 Drivers/STM32F3xx_HAL_Driver/Src/stm32f3xx_hal_rcc_ex.o
 .debug_abbrev  0x000000000000175e      0x230 Drivers/STM32F3xx_HAL_Driver/Src/stm32f3xx_hal_tim.o
 .debug_abbrev  0x000000000000198e      0x27f Drivers/STM32F3xx_HAL_Driver/Src/stm32f3xx_hal_uart.o

.debug_aranges  0x0000000000000000      0xb10
 .debug_aranges
                0x0000000000000000       0x58 Core/Src/ds18b20.o
 .debug_aranges
                0x0000000000000058       0x20 Core/Src/gpio.o
 .debug_aranges
                0x0000000000000078       0x30 Core/Src/main.o
 .debug_aranges
                0x00000000000000a8       0x20 Core/Src/stm32f3xx_hal_msp.o
 .debug_aranges
                0x00000000000000c8       0x60 Core/Src/stm32f3xx_it.o
 .debug_aranges
                0x0000000000000128       0x28 Core/Src/system_stm32f3xx.o
 .debug_aranges
                0x0000000000000150       0x30 Core/Src/tim.o
 .debug_aranges
                0x0000000000000180       0x20 Core/Src/tim_delay.o
 .debug_aranges
                0x00000000000001a0       0x30 Core/Src/usart.o
 .debug_aranges
                0x00000000000001d0       0x28 Core/Startup/startup_stm32f303retx.o
 .debug_aranges
                0x00000000000001f8       0xe0 Drivers/STM32F3xx_HAL_Driver/Src/stm32f3xx_hal.o
 .debug_aranges
                0x00000000000002d8      0x118 Drivers/STM32F3xx_HAL_Driver/Src/stm32f3xx_hal_cortex.o
 .debug_aranges
                0x00000000000003f0       0x58 Drivers/STM32F3xx_HAL_Driver/Src/stm32f3xx_hal_gpio.o
 .debug_aranges
                0x0000000000000448       0x88 Drivers/STM32F3xx_HAL_Driver/Src/stm32f3xx_hal_rcc.o
 .debug_aranges
                0x00000000000004d0       0x38 Drivers/STM32F3xx_HAL_Driver/Src/stm32f3xx_hal_rcc_ex.o
 .debug_aranges
                0x0000000000000508      0x3e0 Drivers/STM32F3xx_HAL_Driver/Src/stm32f3xx_hal_tim.o
 .debug_aranges
                0x00000000000008e8      0x228 Drivers/STM32F3xx_HAL_Driver/Src/stm32f3xx_hal_uart.o

.debug_ranges   0x0000000000000000      0xa38
 .debug_ranges  0x0000000000000000       0x48 Core/Src/ds18b20.o
 .debug_ranges  0x0000000000000048       0x10 Core/Src/gpio.o
 .debug_ranges  0x0000000000000058       0x20 Core/Src/main.o
 .debug_ranges  0x0000000000000078       0x10 Core/Src/stm32f3xx_hal_msp.o
 .debug_ranges  0x0000000000000088       0x50 Core/Src/stm32f3xx_it.o
 .debug_ranges  0x00000000000000d8       0x18 Core/Src/system_stm32f3xx.o
 .debug_ranges  0x00000000000000f0       0x20 Core/Src/tim.o
 .debug_ranges  0x0000000000000110       0x10 Core/Src/tim_delay.o
 .debug_ranges  0x0000000000000120       0x20 Core/Src/usart.o
 .debug_ranges  0x0000000000000140       0x20 Core/Startup/startup_stm32f303retx.o
 .debug_ranges  0x0000000000000160       0xd0 Drivers/STM32F3xx_HAL_Driver/Src/stm32f3xx_hal.o
 .debug_ranges  0x0000000000000230      0x108 Drivers/STM32F3xx_HAL_Driver/Src/stm32f3xx_hal_cortex.o
 .debug_ranges  0x0000000000000338       0x48 Drivers/STM32F3xx_HAL_Driver/Src/stm32f3xx_hal_gpio.o
 .debug_ranges  0x0000000000000380       0x78 Drivers/STM32F3xx_HAL_Driver/Src/stm32f3xx_hal_rcc.o
 .debug_ranges  0x00000000000003f8       0x28 Drivers/STM32F3xx_HAL_Driver/Src/stm32f3xx_hal_rcc_ex.o
 .debug_ranges  0x0000000000000420      0x3d0 Drivers/STM32F3xx_HAL_Driver/Src/stm32f3xx_hal_tim.o
 .debug_ranges  0x00000000000007f0      0x248 Drivers/STM32F3xx_HAL_Driver/Src/stm32f3xx_hal_uart.o

.debug_macro    0x0000000000000000    0x20468
 .debug_macro   0x0000000000000000      0x217 Core/Src/ds18b20.o
 .debug_macro   0x0000000000000217      0xa5a Core/Src/ds18b20.o
 .debug_macro   0x0000000000000c71       0x22 Core/Src/ds18b20.o
 .debug_macro   0x0000000000000c93      0x157 Core/Src/ds18b20.o
 .debug_macro   0x0000000000000dea       0x2e Core/Src/ds18b20.o
 .debug_macro   0x0000000000000e18       0x28 Core/Src/ds18b20.o
 .debug_macro   0x0000000000000e40       0x22 Core/Src/ds18b20.o
 .debug_macro   0x0000000000000e62       0x8e Core/Src/ds18b20.o
 .debug_macro   0x0000000000000ef0       0x51 Core/Src/ds18b20.o
 .debug_macro   0x0000000000000f41       0xef Core/Src/ds18b20.o
 .debug_macro   0x0000000000001030       0x6a Core/Src/ds18b20.o
 .debug_macro   0x000000000000109a      0x1df Core/Src/ds18b20.o
 .debug_macro   0x0000000000001279       0x1c Core/Src/ds18b20.o
 .debug_macro   0x0000000000001295       0x22 Core/Src/ds18b20.o
 .debug_macro   0x00000000000012b7       0xdf Core/Src/ds18b20.o
 .debug_macro   0x0000000000001396     0x102d Core/Src/ds18b20.o
 .debug_macro   0x00000000000023c3      0x11f Core/Src/ds18b20.o
 .debug_macro   0x00000000000024e2    0x1535a Core/Src/ds18b20.o
 .debug_macro   0x000000000001783c       0x6d Core/Src/ds18b20.o
 .debug_macro   0x00000000000178a9     0x3540 Core/Src/ds18b20.o
 .debug_macro   0x000000000001ade9      0x174 Core/Src/ds18b20.o
 .debug_macro   0x000000000001af5d       0x55 Core/Src/ds18b20.o
 .debug_macro   0x000000000001afb2      0x954 Core/Src/ds18b20.o
 .debug_macro   0x000000000001b906      0x84a Core/Src/ds18b20.o
 .debug_macro   0x000000000001c150      0x1b6 Core/Src/ds18b20.o
 .debug_macro   0x000000000001c306      0x23a Core/Src/ds18b20.o
 .debug_macro   0x000000000001c540      0x1ea Core/Src/ds18b20.o
 .debug_macro   0x000000000001c72a      0x1bc Core/Src/ds18b20.o
 .debug_macro   0x000000000001c8e6       0x30 Core/Src/ds18b20.o
 .debug_macro   0x000000000001c916       0x3c Core/Src/ds18b20.o
 .debug_macro   0x000000000001c952      0x236 Core/Src/ds18b20.o
 .debug_macro   0x000000000001cb88       0xc5 Core/Src/ds18b20.o
 .debug_macro   0x000000000001cc4d      0x21d Core/Src/ds18b20.o
 .debug_macro   0x000000000001ce6a      0x22c Core/Src/ds18b20.o
 .debug_macro   0x000000000001d096       0x5b Core/Src/ds18b20.o
 .debug_macro   0x000000000001d0f1       0xa5 Core/Src/ds18b20.o
 .debug_macro   0x000000000001d196       0x81 Core/Src/ds18b20.o
 .debug_macro   0x000000000001d217       0xd3 Core/Src/ds18b20.o
 .debug_macro   0x000000000001d2ea      0xa3d Core/Src/ds18b20.o
 .debug_macro   0x000000000001dd27       0xbb Core/Src/ds18b20.o
 .debug_macro   0x000000000001dde2      0x5a5 Core/Src/ds18b20.o
 .debug_macro   0x000000000001e387       0x44 Core/Src/ds18b20.o
 .debug_macro   0x000000000001e3cb      0x347 Core/Src/ds18b20.o
 .debug_macro   0x000000000001e712       0x64 Core/Src/ds18b20.o
 .debug_macro   0x000000000001e776      0x1f0 Core/Src/gpio.o
 .debug_macro   0x000000000001e966      0x22d Core/Src/main.o
 .debug_macro   0x000000000001eb93      0x1e6 Core/Src/stm32f3xx_hal_msp.o
 .debug_macro   0x000000000001ed79      0x1f0 Core/Src/stm32f3xx_it.o
 .debug_macro   0x000000000001ef69      0x1d7 Core/Src/system_stm32f3xx.o
 .debug_macro   0x000000000001f140      0x1f0 Core/Src/tim.o
 .debug_macro   0x000000000001f330      0x1fa Core/Src/tim_delay.o
 .debug_macro   0x000000000001f52a      0x1f0 Core/Src/usart.o
 .debug_macro   0x000000000001f71a      0x1fb Drivers/STM32F3xx_HAL_Driver/Src/stm32f3xx_hal.o
 .debug_macro   0x000000000001f915      0x1d7 Drivers/STM32F3xx_HAL_Driver/Src/stm32f3xx_hal_cortex.o
 .debug_macro   0x000000000001faec      0x1de Drivers/STM32F3xx_HAL_Driver/Src/stm32f3xx_hal_gpio.o
 .debug_macro   0x000000000001fcca      0x1fb Drivers/STM32F3xx_HAL_Driver/Src/stm32f3xx_hal_rcc.o
 .debug_macro   0x000000000001fec5      0x1d7 Drivers/STM32F3xx_HAL_Driver/Src/stm32f3xx_hal_rcc_ex.o
 .debug_macro   0x000000000002009c      0x1d8 Drivers/STM32F3xx_HAL_Driver/Src/stm32f3xx_hal_tim.o
 .debug_macro   0x0000000000020274      0x1f4 Drivers/STM32F3xx_HAL_Driver/Src/stm32f3xx_hal_uart.o

.debug_line     0x0000000000000000     0xc3f2
 .debug_line    0x0000000000000000      0x815 Core/Src/ds18b20.o
 .debug_line    0x0000000000000815      0x72b Core/Src/gpio.o
 .debug_line    0x0000000000000f40      0x7aa Core/Src/main.o
 .debug_line    0x00000000000016ea      0x71d Core/Src/stm32f3xx_hal_msp.o
 .debug_line    0x0000000000001e07      0x7c4 Core/Src/stm32f3xx_it.o
 .debug_line    0x00000000000025cb      0x73b Core/Src/system_stm32f3xx.o
 .debug_line    0x0000000000002d06      0x741 Core/Src/tim.o
 .debug_line    0x0000000000003447      0x730 Core/Src/tim_delay.o
 .debug_line    0x0000000000003b77      0x752 Core/Src/usart.o
 .debug_line    0x00000000000042c9       0x88 Core/Startup/startup_stm32f303retx.o
 .debug_line    0x0000000000004351      0x8f7 Drivers/STM32F3xx_HAL_Driver/Src/stm32f3xx_hal.o
 .debug_line    0x0000000000004c48      0xa2c Drivers/STM32F3xx_HAL_Driver/Src/stm32f3xx_hal_cortex.o
 .debug_line    0x0000000000005674      0x8c1 Drivers/STM32F3xx_HAL_Driver/Src/stm32f3xx_hal_gpio.o
 .debug_line    0x0000000000005f35      0xe72 Drivers/STM32F3xx_HAL_Driver/Src/stm32f3xx_hal_rcc.o
 .debug_line    0x0000000000006da7      0xa9a Drivers/STM32F3xx_HAL_Driver/Src/stm32f3xx_hal_rcc_ex.o
 .debug_line    0x0000000000007841     0x2831 Drivers/STM32F3xx_HAL_Driver/Src/stm32f3xx_hal_tim.o
 .debug_line    0x000000000000a072     0x2380 Drivers/STM32F3xx_HAL_Driver/Src/stm32f3xx_hal_uart.o

.debug_str      0x0000000000000000    0xc5a97
 .debug_str     0x0000000000000000    0xc2b40 Core/Src/ds18b20.o
                                      0xc3287 (size before relaxing)
 .debug_str     0x00000000000c2b40       0x95 Core/Src/gpio.o
                                      0xc2cba (size before relaxing)
 .debug_str     0x00000000000c2bd5      0x556 Core/Src/main.o
                                      0xc36d9 (size before relaxing)
 .debug_str     0x00000000000c312b       0x2c Core/Src/stm32f3xx_hal_msp.o
                                      0xc2c1d (size before relaxing)
 .debug_str     0x00000000000c3157       0xbd Core/Src/stm32f3xx_it.o
                                      0xc2c54 (size before relaxing)
 .debug_str     0x00000000000c3214       0xbd Core/Src/system_stm32f3xx.o
                                      0xc2b40 (size before relaxing)
 .debug_str     0x00000000000c32d1       0x5b Core/Src/tim.o
                                      0xc317a (size before relaxing)
 .debug_str     0x00000000000c332c       0x28 Core/Src/tim_delay.o
                                      0xc30e4 (size before relaxing)
 .debug_str     0x00000000000c3354       0x57 Core/Src/usart.o
                                      0xc30ea (size before relaxing)
 .debug_str     0x00000000000c33ab       0x36 Core/Startup/startup_stm32f303retx.o
                                         0x64 (size before relaxing)
 .debug_str     0x00000000000c33e1      0x67e Drivers/STM32F3xx_HAL_Driver/Src/stm32f3xx_hal.o
                                      0xc3347 (size before relaxing)
 .debug_str     0x00000000000c3a5f      0x3b1 Drivers/STM32F3xx_HAL_Driver/Src/stm32f3xx_hal_cortex.o
                                      0xc3455 (size before relaxing)
 .debug_str     0x00000000000c3e10      0x1c3 Drivers/STM32F3xx_HAL_Driver/Src/stm32f3xx_hal_gpio.o
                                      0xc2d63 (size before relaxing)
 .debug_str     0x00000000000c3fd3      0x303 Drivers/STM32F3xx_HAL_Driver/Src/stm32f3xx_hal_rcc.o
                                      0xc2fb2 (size before relaxing)
 .debug_str     0x00000000000c42d6       0xd8 Drivers/STM32F3xx_HAL_Driver/Src/stm32f3xx_hal_rcc_ex.o
                                      0xc2dfc (size before relaxing)
 .debug_str     0x00000000000c43ae      0xe6c Drivers/STM32F3xx_HAL_Driver/Src/stm32f3xx_hal_tim.o
                                      0xc3f03 (size before relaxing)
 .debug_str     0x00000000000c521a      0x87d Drivers/STM32F3xx_HAL_Driver/Src/stm32f3xx_hal_uart.o
                                      0xc37be (size before relaxing)

.comment        0x0000000000000000       0x7b
 .comment       0x0000000000000000       0x7b Core/Src/ds18b20.o
                                         0x7c (size before relaxing)
 .comment       0x000000000000007b       0x7c Core/Src/gpio.o
 .comment       0x000000000000007b       0x7c Core/Src/main.o
 .comment       0x000000000000007b       0x7c Core/Src/stm32f3xx_hal_msp.o
 .comment       0x000000000000007b       0x7c Core/Src/stm32f3xx_it.o
 .comment       0x000000000000007b       0x7c Core/Src/system_stm32f3xx.o
 .comment       0x000000000000007b       0x7c Core/Src/tim.o
 .comment       0x000000000000007b       0x7c Core/Src/tim_delay.o
 .comment       0x000000000000007b       0x7c Core/Src/usart.o
 .comment       0x000000000000007b       0x7c Drivers/STM32F3xx_HAL_Driver/Src/stm32f3xx_hal.o
 .comment       0x000000000000007b       0x7c Drivers/STM32F3xx_HAL_Driver/Src/stm32f3xx_hal_cortex.o
 .comment       0x000000000000007b       0x7c Drivers/STM32F3xx_HAL_Driver/Src/stm32f3xx_hal_gpio.o
 .comment       0x000000000000007b       0x7c Drivers/STM32F3xx_HAL_Driver/Src/stm32f3xx_hal_rcc.o
 .comment       0x000000000000007b       0x7c Drivers/STM32F3xx_HAL_Driver/Src/stm32f3xx_hal_rcc_ex.o
 .comment       0x000000000000007b       0x7c Drivers/STM32F3xx_HAL_Driver/Src/stm32f3xx_hal_tim.o
 .comment       0x000000000000007b       0x7c Drivers/STM32F3xx_HAL_Driver/Src/stm32f3xx_hal_uart.o

.debug_frame    0x0000000000000000     0x2cbc
 .debug_frame   0x0000000000000000      0x130 Core/Src/ds18b20.o
 .debug_frame   0x0000000000000130       0x34 Core/Src/gpio.o
 .debug_frame   0x0000000000000164       0x70 Core/Src/main.o
 .debug_frame   0x00000000000001d4       0x34 Core/Src/stm32f3xx_hal_msp.o
 .debug_frame   0x0000000000000208      0x104 Core/Src/stm32f3xx_it.o
 .debug_frame   0x000000000000030c       0x58 Core/Src/system_stm32f3xx.o
 .debug_frame   0x0000000000000364       0x7c Core/Src/tim.o
 .debug_frame   0x00000000000003e0       0x38 Core/Src/tim_delay.o
 .debug_frame   0x0000000000000418       0x74 Core/Src/usart.o
 .debug_frame   0x000000000000048c      0x334 Drivers/STM32F3xx_HAL_Driver/Src/stm32f3xx_hal.o
 .debug_frame   0x00000000000007c0      0x498 Drivers/STM32F3xx_HAL_Driver/Src/stm32f3xx_hal_cortex.o
 .debug_frame   0x0000000000000c58      0x14c Drivers/STM32F3xx_HAL_Driver/Src/stm32f3xx_hal_gpio.o
 .debug_frame   0x0000000000000da4      0x214 Drivers/STM32F3xx_HAL_Driver/Src/stm32f3xx_hal_rcc.o
 .debug_frame   0x0000000000000fb8       0xb4 Drivers/STM32F3xx_HAL_Driver/Src/stm32f3xx_hal_rcc_ex.o
 .debug_frame   0x000000000000106c     0x121c Drivers/STM32F3xx_HAL_Driver/Src/stm32f3xx_hal_tim.o
 .debug_frame   0x0000000000002288      0x9e8 Drivers/STM32F3xx_HAL_Driver/Src/stm32f3xx_hal_uart.o
 .debug_frame   0x0000000000002c70       0x2c d:/programy/stm32/stm32cubeide_1.5.1/stm32cubeide/plugins/com.st.stm32cube.ide.mcu.externaltools.gnu-tools-for-stm32.7-2018-q2-update.win32_1.5.0.202011040924/tools/bin/../lib/gcc/arm-none-eabi/7.3.1/../../../../arm-none-eabi/lib/thumb/v7e-m/fpv4-sp/hard\libc_nano.a(lib_a-init.o)
 .debug_frame   0x0000000000002c9c       0x20 d:/programy/stm32/stm32cubeide_1.5.1/stm32cubeide/plugins/com.st.stm32cube.ide.mcu.externaltools.gnu-tools-for-stm32.7-2018-q2-update.win32_1.5.0.202011040924/tools/bin/../lib/gcc/arm-none-eabi/7.3.1/../../../../arm-none-eabi/lib/thumb/v7e-m/fpv4-sp/hard\libc_nano.a(lib_a-memset.o)
